== cargo test -p brewfs --lib native_base ==
test native_base::wire::datapack::tests::scrub_rejects_truncated_object ... ok
test native_base::wire::container::tests::parse_footer_checks_object_len ... ok
test native_base::wire::datapack::tests::scrub_rejects_unsupported_required_features ... ok
test native_base::wire::datapack::tests::scrub_rejects_ordinal_gap ... ok
test native_base::wire::datapack::tests::zero_length_payloads_are_never_frames ... ok
test native_base::wire::frame::tests::frame_header_rejects_unknown_version_format_codec_flags ... ok
test native_base::wire::frame::tests::frame_span_pads_to_alignment ... ok
test native_base::wire::frame::tests::codec_none_requires_stored_eq_raw ... ok
test native_base::wire::frame::tests::frame_header_rejects_crc_and_reserved ... ok
test native_base::wire::page::tests::empty_leaf_page_is_valid ... ok
test native_base::wire::frame::tests::frame_header_roundtrip ... ok
test native_base::wire::frame::tests::native_block_v1_requires_outer_codec_none ... ok
test native_base::wire::frame::tests::zstd_roundtrip_and_exact_length_enforced ... ok
test native_base::wire::frame::tests::frame_header_enforces_payload_limits ... ok
test native_base::wire::page::tests::leaf_rejects_duplicate_and_unsorted_keys ... ok
test native_base::wire::page::tests::internal_page_roundtrip_and_range_validation ... ok
test native_base::wire::page::tests::leaf_rejects_nonzero_first_shared_prefix_and_overlong_shared ... ok
test native_base::wire::page::tests::leaf_page_roundtrip_with_prefix_compression ... ok
test native_base::wire::page::tests::page_rejects_trailing_bytes_and_count_mismatch ... ok
test native_base::wire::refs::tests::object_kind_page_kind_matrix ... ok
test native_base::wire::refs::tests::page_address_is_exactly_56_bytes_and_roundtrips ... ok
test native_base::wire::refs::tests::object_ref_roundtrip_and_key_validation ... ok
test native_base::wire::page::tests::page_rejects_unknown_kind_and_flags ... ok
test native_base::wire::refs::tests::page_address_rejects_unknown_codec_kind_and_reserved ... ok
test native_base::wire::refs::tests::child_must_descend_exactly_one_level ... ok
test native_base::wire::page::tests::internal_rejects_child_level_not_descending ... ok
test native_base::wire::page::tests::page_rejects_oversized_raw_page_and_entries ... ok
test native_base::wire::refs::tests::child_ref_both_tags_roundtrip_and_rejects_unknown ... ok
test native_base::wire::tests::packaged_fixture_hashes_match_spec_vectors ... ok
test native_base::wire::uvarint::tests::negative_vectors_rejected ... ok
test native_base::wire::uvarint::tests::reader_rejects_invalid_bool_and_option_tags ... ok
test native_base::wire::uvarint::tests::reader_bytes_validates_length_before_use ... ok
test native_base::wire::uvarint::tests::positive_vectors_match_goldens ... ok
test native_base::wire::uvarint::tests::roundtrip_boundaries ... ok
test native_base::wire::tests::all_brfdp_fixtures_scrub_clean ... ok
test native_base::wire::refs::tests::root_ref_roundtrip ... ok
test native_base::wire::datapack::tests::zstd_frames_roundtrip_through_scrub ... ok

test result: ok. 117 passed; 0 failed; 0 ignored; 0 measured; 830 filtered out; finished in 0.01s
